Fant 111 bilder i Trafikkbildet
Allerede behandlet: 2 | Gjenstaar: 109
[1/109] Screenshot_20260417_232203.jpg ...
  DUPLIKAT hoppet over: Du ligger bak denne bilen som kjører svært sakte i
  OK [medium] Hvilken avstand bør du holde til bilen foran når du kjører i
[2/109] Screenshot_20260417_232219.jpg ...
  OK [easy] Hva kaller vi den trekantede veioppmerkingen som er malt på 
  OK [medium] Du skal kjøre inn i rundkjøringen i bildet. Hvem har vikepli
[3/109] Screenshot_20260417_232443.jpg ...
  DUPLIKAT hoppet over: Hva kan skje hvis du bremser lenge i en bratt og l
  OK [medium] Hvordan bør du kjøre ned en bratt og svingete fjellvei som v
[4/109] Screenshot_20260417_232613.jpg ...
  OK [medium] Hva betyr det røde krysset (kjørefeltsignal) over kjørefelte
  OK [medium] Du nærmer deg en tunnel og ser et rødt kryss over ditt kjøre
[5/109] Screenshot_20260417_232630.jpg ...
  OK [easy] Hva betyr gul varsellinje midt på veien?
  OK [medium] Du kjører på denne landeveien med gul varsellinje. Hva bør d
[6/109] Screenshot_20260417_232646.jpg ...
  DUPLIKAT hoppet over: Hva betyr dette skiltet?
  OK [medium] Du ser dette skiltet ved en trafikkøy. Hva må du gjøre?
[7/109] Screenshot_20260417_232713.jpg ...
  OK [hard] Hvem skal kjøre sist i denne situasjonen?
  OK [medium] Hva er viktigst å være oppmerksom på når flere kjøretøy møte
[8/109] Screenshot_20260417_232751.jpg ...
  OK [medium] Du skal rett fram på denne strekningen. Hvilke vurderinger b
  OK [easy] Hva er din plikt overfor fotgjengere ved gangfeltet i dette 
[9/109] Screenshot_20260417_232847.jpg ...
  OK [easy] Hvorfor er det mønster i dekk?
  OK [medium] Hva er minimumskravet til mønsterdybde på sommerdekk i Norge
[10/109] Screenshot_20260417_232920.jpg ...
  OK [medium] Hva betyr et rødt blinkende lys ved innkjøringen til en tunn
  OK [medium] Du ser kjegler og sperringer ved tunnelinnkjøringen som vist
[11/109] Screenshot_20260417_233005.jpg ...
  OK [easy] Hvilket lys bør du benytte i tett snøvær når det er mørkt?
  OK [medium] Hvorfor bør du IKKE bruke fjernlys i tett snøvær?
[12/109] Screenshot_20260417_233020.jpg ...
  OK [medium] Du kjører på en smal vei og møter en lastebil. Det er en møt
  OK [medium] På smale veier med møteplasser, hvem har ansvar for å benytt
[13/109] Screenshot_20260417_233033.jpg ...
  OK [easy] Du blir stående i en kø som ikke beveger seg. Hva bør du gjø
  OK [medium] Hvorfor bør du slå av motoren når du står stille i en langva
[14/109] Screenshot_20260417_233233.jpg ...
  DUPLIKAT hoppet over: Hva betyr dette skiltet?
  OK [medium] Du kjører lastebil og passerer dette skiltet. Hva har du nå 
[15/109] Screenshot_20260417_233315.jpg ...
  DUPLIKAT hoppet over: Hva betyr dette skiltet?
  OK [medium] Du skal levere en pakke på en adresse der dette skiltet står
[16/109] Screenshot_20260417_233331.jpg ...
  DUPLIKAT hoppet over: Hva betyr dette skiltet?
  OK [medium] Du kjører en lastebil med akseltrykk på 4 tonn. Hva må du gj
[17/109] Screenshot_20260417_233344.jpg ...
  OK [easy] Hva varsler dette fareskiltet om?
  OK [medium] Når du ser dette fareskiltet, hvordan bør du tilpasse kjørin
[18/109] Screenshot_20260417_233407.jpg ...
  OK [easy] Hva slags skilt er dette?
  OK [medium] Du kommer til dette skiltet. Hvilke kjøreretninger er tillat
[19/109] Screenshot_20260417_233421.jpg ...
  OK [easy] Hva betyr hindermarkeringen med nedoverpekende piler i gult 
  OK [medium] Du nærmer deg en trafikkøy med hindermarkering. Hva er hoved
[20/109] Screenshot_20260417_233501.jpg ...
  DUPLIKAT hoppet over: Hva betyr dette skiltet?
  OK [medium] Hvilke regler gjelder ved dette skiltet?
[21/109] Screenshot_20260417_233547.jpg ...
  OK [easy] Hva kaller vi den store trekanten som er malt på veibanen?
  OK [medium] Du nærmer deg et kryss og ser vikesymbolet (trekant) malt på
[22/109] Screenshot_20260417_233559.jpg ...
  OK [easy] Hva varsler dette fareskiltet?
  OK [medium] Hvordan bør du tilpasse kjøringen når du ser skilt for smale
[23/109] Screenshot_20260417_233611.jpg ...
  DUPLIKAT hoppet over: Hva betyr dette skiltet?
  OK [medium] Hva er riktig om bruk av sykkelfelt?
[24/109] Screenshot_20260417_233709.jpg ...
  OK [medium] Hva betyr den kryssende veioppmerkingen med rødbrun farge og
  OK [medium] Hvordan skal du som bilfører oppføre deg når du nærmer deg e
[25/109] Screenshot_20260417_233723.jpg ...
  DUPLIKAT hoppet over: Hva betyr dette skiltet?
  OK [medium] Du kjører lastebil og ser dette skiltet. Hva må du gjøre?
[26/109] Screenshot_20260417_233741.jpg ...
  DUPLIKAT hoppet over: Hva betyr dette skiltet?
  OK [medium] Hvor nær et gangfelt er det tillatt å parkere?
[27/109] Screenshot_20260417_233839.jpg ...
  OK [medium] Hva betyr dette skiltet med '10 t' og boggi-symbol?
  OK [hard] Du kjører en lastebil med boggivekt på 12 tonn. Hva må du gj
[28/109] Screenshot_20260417_233847.jpg ...
  OK [easy] Hva betyr dette trafikkskiltet?
  OK [medium] Du ser dette skiltet. Hvordan bør du tilpasse kjøringen?
[29/109] Screenshot_20260417_233854.jpg ...
  DUPLIKAT hoppet over: Hva betyr dette skiltet?
  DUPLIKAT hoppet over: Hvordan bør du tilpasse kjøringen når du ser dette
[30/109] Screenshot_20260417_233900.jpg ...
  DUPLIKAT hoppet over: Hva betyr dette skiltet?
  OK [medium] Du kjører i 90 km/t og passerer dette skiltet. Hva bør du gj
[31/109] Screenshot_20260417_233907.jpg ...
  DUPLIKAT hoppet over: Hva betyr dette skiltet?
  OK [easy] Du kjører forbi et skilt for automatisk trafikkontroll. Hva 
[32/109] Screenshot_20260417_233914.jpg ...
  DUPLIKAT hoppet over: Hva betyr dette skiltet?
  OK [medium] Du kjører og ser dette skiltet. Hva har du lov til å gjøre h
[33/109] Screenshot_20260417_233919.jpg ...
  DUPLIKAT hoppet over: Hva betyr dette skiltet?
  OK [hard] Du må stoppe for å slippe av en passasjer. Kan du stoppe ved
[34/109] Screenshot_20260417_233925.jpg ...
  OK [easy] Hva betyr de gule stiplete linjene midt på veien?
  OK [medium] Hva indikerer de hvite kantlinjene på hver side av veien?
[35/109] Screenshot_20260417_233932.jpg ...
  OK [medium] Hva indikerer den kombinerte linjen (heltrukken og stiplet l
  OK [easy] Når du kjører på siden med stiplet linje i en kombinert oppm
[36/109] Screenshot_20260417_233937.jpg ...
  DUPLIKAT hoppet over: Hva betyr dette skiltet?
  OK [medium] Det regner og er mørkt som vist på bildet. Hvordan bør du ti
[37/109] Screenshot_20260417_233945.jpg ...
  DUPLIKAT hoppet over: Hva betyr dette skiltet?
  OK [medium] Du kommer til et stoppskilt om natten med dårlig sikt. Hvor 
[38/109] Screenshot_20260417_234002.jpg ...
  OK [medium] Hva betyr denne skiltkombinasjonen?
  OK [medium] Du ser dette skiltet på en landevei. Hvordan bør du tilpasse
[39/109] Screenshot_20260417_234028.jpg ...
  OK [medium] Hva betyr dette skiltet med underskilt?
  OK [medium] Du ser dette skiltet. Hvordan bør du tilpasse kjøringen din?
[40/109] Screenshot_20260417_234114.jpg ...
  OK [easy] Hva betyr den hvite stripete linjen i midten av veibanen?
  OK [easy] Hva indikerer de hvite heltrukne kantlinjene på hver side av
[41/109] Screenshot_20260417_234129.jpg ...
  OK [easy] Hva betyr dette trafikkskilt som er synlig på høyre side av 
  OK [medium] Basert på lysforholdene og årstiden i dette bildet, hva bør 
[42/109] Screenshot_20260417_234142.jpg ...
  DUPLIKAT hoppet over: Hva betyr dette skiltet?
  OK [medium] Du kommer kjørende og ser dette skiltet. Hva må du gjøre?
[43/109] Screenshot_20260417_234151.jpg ...
  DUPLIKAT hoppet over: Hva betyr dette skiltet?
  OK [medium] Du kommer til en vei med skilt 302 'Innkjøring forbudt'. Hvi
[44/109] Screenshot_20260417_234158.jpg ...
  DUPLIKAT hoppet over: Hva betyr dette skiltet?
  OK [medium] Hva bør du gjøre når du ser dette skiltet og skal kjøre inn 
[45/109] Screenshot_20260417_234204.jpg ...
  DUPLIKAT hoppet over: Hva betyr dette skiltet?
  OK [medium] Du ser dette skiltet. Hvilke forholdsregler bør du ta før du
[46/109] Screenshot_20260417_234210.jpg ...
  OK [easy] Hva betyr skiltets symbol med en sirkel og piler?
  OK [medium] Du skal kjøre mot Fjord. Hvordan skal du oppføre deg i rundk
[47/109] Screenshot_20260417_234217.jpg ...
  OK [medium] Hva slags mål viser dette gule skiltet veien til?
  OK [medium] Du kommer til rundkjøringen på skiltet. Hvordan skal du kjør
[48/109] Screenshot_20260417_234225.jpg ...
  OK [medium] Hva betyr dette elektroniske varselskiltet?
  OK [hard] Du kjører en høy varebil og ser dette skiltet. Hva bør du gj
[49/109] Screenshot_20260417_234231.jpg ...
  OK [medium] Hva varsler dette elektroniske skiltet om?
  OK [medium] Du ser dette varselskiltet på motorveien. Hva bør du gjøre?
[50/109] Screenshot_20260417_234237.jpg ...
  DUPLIKAT hoppet over: Hva betyr dette skiltet?
  OK [medium] Du kjører på veien som dette skiltet gjelder for. En bil kom
[51/109] Screenshot_20260417_234246.jpg ...
  DUPLIKAT hoppet over: Hva varsler dette skiltet?
  OK [medium] Du ser dette skiltet og nærmer deg krysset. En bil kommer fr
[52/109] Screenshot_20260417_234254.jpg ...
  OK [easy] Hva indikerer dette brune skiltet med symbolene?
  OK [medium] Du kjører og ser dette skiltet. Hva bør du gjøre hvis du øns
[53/109] Screenshot_20260417_234301.jpg ...
  OK [easy] Hva betyr det øverste symbolet på dette skiltet?
  OK [medium] Dette skiltet viser avstand 400 m. Hvilke fasiliteter kan du
[54/109] Screenshot_20260417_234325.jpg ...
  OK [easy] Hva betyr de blå skiltene med hvite piler som vises i dette 
  OK [medium] Lyskrysset viser rødt lys, men det står en politimann og dir
[55/109] Screenshot_20260417_234348.jpg ...
  OK [easy] Hva betyr det øverste skiltet med gul firkant på hvit bakgru
  OK [medium] Hva viser underskiltets svarte linje om forkjørsveiens retni
[56/109] Screenshot_20260417_234355.jpg ...
  OK [easy] Hva slags skilt er det nederste skiltet (det hvite skiltet m
  OK [medium] Du kjører på veien med forkjørsrett (markert med gult skilt)
[57/109] Screenshot_20260417_234401.jpg ...
  OK [easy] Hva betyr det gule skiltet med oransje firkant som du ser på
  OK [medium] Du kjører på denne veien og nærmer deg krysset som vises på 
[58/109] Screenshot_20260417_234408.jpg ...
  OK [easy] Hva betyr det når lyskrysset viser gult lys alene?
  OK [medium] Du nærmer deg dette lyskrysset og ser at lyset nettopp skift
[59/109] Screenshot_20260417_234417.jpg ...
  OK [easy] Trafikklyset skifter fra gult til...
  OK [medium] Du nærmer deg et lyskryss og ser at lyset skifter til gult. 
[60/109] Screenshot_20260417_234422.jpg ...
  OK [easy] Hva betyr det når både rødt og gult lys lyser samtidig i et 
  OK [medium] Du står ved rødt og gult lys. Hva må du forsikre deg om før 
[61/109] Screenshot_20260417_234526.jpg ...
  OK [medium] Hvem må vente i denne situasjonen?
  OK [easy] Hva indikerer de røde og hvite barrierene i dette bildet?
[62/109] Screenshot_20260417_234605.jpg ...
  OK [medium] Hva betyr det nederste skiltet med '3 t' og lastebil-symbole
  OK [easy] Du kjører en personbil og ser skiltene på bildet. Har du lov
[63/109] Screenshot_20260417_234640.jpg ...
  OK [easy] Hva betyr de røde X-skiltene over kjørefeltene ved tunnelinn
  OK [medium] Du nærmer deg en tunnel og ser at begge kjørefeltene har rød
[64/109] Screenshot_20260417_234740.jpg ...
  DUPLIKAT hoppet over: Hva betyr dette skiltet?
  OK [hard] Du passerer dette skiltet på en landevei utenfor tettbygd st
[65/109] Screenshot_20260417_234759.jpg ...
  OK [easy] Hva betyr de gule skiltene med svarte piler på høyre side av
  OK [medium] Du kjører på motorveien og ser at den blå bilen foran deg sk
[66/109] Screenshot_20260417_234842.jpg ...
  OK [medium] Du kjører bak den sølvfargede bilen. Hva indikerer den hvite
  OK [medium] Du nærmer deg dette krysset og ønsker å fortsette rett frem.
[67/109] Screenshot_20260417_234856.jpg ...
  OK [medium] Hva betyr skiltet til høyre i bildet?
  OK [medium] Bil A kjører på påkjøringsfeltet og skal inn på motorveien h
[68/109] Screenshot_20260417_234918.jpg ...
  OK [medium] Når er det greit å ligge i venstre felt på en flerfeltsvei?
  OK [easy] Hva betyr det blå skiltet med hvit pil som vises i bildet?
[69/109] Screenshot_20260417_234940.jpg ...
  DUPLIKAT hoppet over: Hva betyr dette skiltet?
  OK [medium] Du ser dette skiltet ved innkjørselen til en tunnel. Hva må 
[70/109] Screenshot_20260417_235011.jpg ...
  OK [medium] Hva betyr det gule skiltet til venstre i bildet?
  OK [medium] Du kjører på denne veien og ser skiltene samt veiarbeid frem
[71/109] Screenshot_20260417_235019.jpg ...
  OK [easy] Hva betyr det svarte og gule skiltet midt i bildet?
  OK [medium] Du kjører på motorveien og nærmer deg avkjøringen til høyre.
[72/109] Screenshot_20260417_235033.jpg ...
  OK [easy] Hva advarer dette skiltet om?
  OK [medium] Du kjører den svarte varebilen. Det er en fotgjenger på høyr
[73/109] Screenshot_20260417_235118.jpg ...
  OK [medium] Bil C skal til venstre. Hvem har bil C vikeplikt for?
  OK [medium] Det er en fotgjenger ved fotgjengerfeltet (ved B). Hvilken p
[74/109] Screenshot_20260417_235206.jpg ...
  OK [medium] Du nærmer deg denne situasjonen. Hva bør du gjøre når betong
  OK [medium] Hva er funksjonen til personen i gul refleksvest i dette bil
[75/109] Screenshot_20260417_235250.jpg ...
  OK [easy] Hva betyr varsellyset som vises i bilde A?
  OK [medium] Hvilket varsellys indikerer at kjølevæsketemperaturen er for
[76/109] Screenshot_20260417_235258.jpg ...
  OK [easy] Hvilken lampe varsler en feil med bremsene?
  OK [medium] Hva indikerer varsellampe A (gult utropstegn i dekksymbol)?
[77/109] Screenshot_20260417_235304.jpg ...
  OK [easy] Du kjører i midterste kjørefelt. Hva betyr pilmerkingen i ve
  OK [medium] Trafikklyset viser rødt lys. Hva må du gjøre?
[78/109] Screenshot_20260417_235345.jpg ...
  OK [easy] Hva betyr de røde og hvite skiltene med tallene 4,2m og 4,1m
  OK [medium] Du kjører den mørke bilen til høyre i bildet. Hva må du være
[79/109] Screenshot_20260417_235550.jpg ...
  OK [easy] Hva betyr fareskilt med pil som svinger til venstre som du s
  OK [medium] Hvordan bør du tilpasse kjøringen i denne situasjonen med kr
[80/109] Screenshot_20260417_235618.jpg ...
  OK [medium] Hva betyr de oransje skiltene over veien i dette bildet?
  OK [medium] Du kjører i felt A og skal til Gjøvik. Bilen i felt B begynn
[81/109] Screenshot_20260417_235630.jpg ...
  OK [easy] Hva betyr det røde og hvite skiltet du ser på venstre side i
  OK [medium] Du kjører mot ridende politi som patruljerer i gaten. Hvorda
[82/109] Screenshot_20260417_235700.jpg ...
  OK [easy] Hva betyr vikeplikt-skiltet (rød trekant med spissen ned) so
  OK [medium] I denne situasjonen, hvem må vike for hvem?
[83/109] Screenshot_20260417_235707.jpg ...
  OK [medium] Den hvite bilen skal til venstre i krysset, de andre skal re
  OK [easy] Hva betyr det trekantede skiltet med spissen ned som den rød
[84/109] Screenshot_20260417_235714.jpg ...
  OK [easy] Hva betyr det gule skiltet med teksten 'Bussterminalen' og p
  OK [medium] Du står ved rødt lys og ser fotgjengere krysse foran deg. Hv
[85/109] Screenshot_20260417_235824.jpg ...
  DUPLIKAT hoppet over: Hva betyr dette skiltet?
  OK [medium] Du kjører på denne vinterveien med fartsgrense 50 km/t. Hvor
[86/109] Screenshot_20260417_235847.jpg ...
  OK [medium] Du kjører den røde bilen og skal svinge til høyre. En syklis
  OK [medium] Hva må du være spesielt oppmerksom på når du kjører i regn s
[87/109] Screenshot_20260417_235853.jpg ...
  OK [medium] Du skal til din høyre i krysset, syklisten skal rett frem. H
  OK [medium] Hva bør du være spesielt oppmerksom på når du kjører i denne
[88/109] Screenshot_20260417_235858.jpg ...
  OK [easy] Hva advarer skiltet på høyre side av veien om?
  OK [medium] Veien er våt og det regner. Hva bør du være spesielt oppmerk
[89/109] Screenshot_20260417_235904.jpg ...
  OK [medium] Du kjører på en våt fjellvei som vist på bildet. Hva må du v
  OK [medium] Hva er en typisk fare når du møter motgående trafikk i en sv
[90/109] Screenshot_20260417_235919.jpg ...
  OK [medium] Du kjører på denne vinterveien. Hva bør du være spesielt opp
  OK [easy] Hva er riktig sikkerhetstiltak når du kjører på en snødekt v
[91/109] Screenshot_20260417_235944.jpg ...
  OK [easy] Hva betyr skiltet som viser 'E 18 Kristiansand' med blå bakg
  OK [medium] Du kjører i høyre felt og skal fortsette rett fram mot Krist
[92/109] Screenshot_20260418_000000.jpg ...
  OK [easy] Hva betyr det blå skiltet med teksten 'Lærdalstunnelen 24,5 
  OK [medium] Hva bør du gjøre før du kjører inn i en lang tunnel som denn
[93/109] Screenshot_20260418_000017.jpg ...
  DUPLIKAT hoppet over: Hva betyr dette skiltet?
  OK [medium] Du møter dette skiltet i et veikryss. Hva er konsekvensen hv
[94/109] Screenshot_20260418_000118.jpg ...
  OK [easy] Har du lov til å stanse i en tunnel?
  OK [medium] Hva bør du gjøre hvis bilen din får motorstopp inne i en tun
[95/109] Screenshot_20260418_000140.jpg ...
  OK [medium] Du nærmer deg en person som leier to hester på veien i vinte
  OK [medium] Veibanen ser våt og mulig glatt ut i dette vinterværet. Hvor
[96/109] Screenshot_20260418_000425.jpg ...
  OK [easy] Du kjører mot dette fotgjengerfeltet. Fotgjengeren har begyn
  OK [medium] Du ser et skilt med rød ring og blå bakgrunn med bokstaven P
[97/109] Screenshot_20260418_000534.jpg ...
  OK [medium] Du kjører bil A og skal svinge til høyre inn på hovedveien. 
  OK [hard] Du kjører bil A. Motorsykkel C er foran deg i samme kjørefel
[98/109] Screenshot_20260418_000832.jpg ...
  OK [medium] Du kjører den røde bilen og ser at trafikklyset viser grønt,
  OK [easy] Du kjører den røde bilen og skal svinge til venstre i krysse
[99/109] Screenshot_20260418_000843.jpg ...
  DUPLIKAT hoppet over: Hva betyr dette skiltet?
  OK [hard] Etter at du passerer dette skiltet på en vanlig landevei ute
[100/109] Screenshot_20260418_001338.jpg ...
  DUPLIKAT hoppet over: Hva betyr dette trafikkskiltet?
  OK [medium] Du nærmer deg et veikryss og ser dette skiltet. Hva må du gj
[101/109] Screenshot_20260418_001355.jpg ...
  OK [easy] Hva betyr skiltet til venstre i bildet?
  OK [medium] Du ser en ulykke på motsatt side av veien. Hva bør du gjøre?
[102/109] Screenshot_20260418_001433.jpg ...
  OK [easy] Hva betyr SOS-skiltet du ser på veggen i tunnelen?
  OK [medium] Hva bør du gjøre hvis bilen din stopper på grunn av motorsto
[103/109] Screenshot_20260418_001456.jpg ...
  OK [easy] Hva betyr det røde og gule lyset som vises samtidig i trafik
  OK [medium] Du ser et rødt sykkelfelt i veibanen. Hva gjelder for deg so
[104/109] Screenshot_20260418_001515.jpg ...
  DUPLIKAT hoppet over: Hva betyr dette trafikkskiltet?
  DUPLIKAT hoppet over: Du ser dette skiltet. Hvordan bør du tilpasse kjør
[105/109] Screenshot_20260418_001534.jpg ...
  OK [easy] Du kjører på denne veien. Hva indikerer de hvite kantlinjene
  OK [medium] Du kjører på denne landeveien omgitt av skog. Hvilken fare b
[106/109] Screenshot_20260418_001625.jpg ...
  OK [easy] Hva betyr L-skiltet (øvelseskjøringsskiltet) som er festet p
  OK [medium] Bilen på bildet står på en parkeringsplass. Hva må føreren g
[107/109] Screenshot_20260418_001732.jpg ...
  OK [easy] Hva betyr dette symbolet med lastebil på blå bakgrunn?
  OK [medium] Hvilken type skilt har blå bakgrunn med hvite symboler som d
[108/109] Screenshot_20260418_001859.jpg ...
  OK [easy] Hva betyr det blå skiltet med trikk-symbolet som er synlig i
  OK [medium] Du kjører bil og nærmer deg denne trikkeholdeplassen. En tri
[109/109] Screenshot_20260418_001904.jpg ...
  OK [easy] Hva informerer dette skiltet om?
  OK [medium] Hvordan skal du som bilfører forholde deg når du nærmer deg 

=== FERDIG ===
Lagret:   186
Duplikat: 32
Feil:     0
Totalt i DB: 1102 spørsmål
